name: include_vendor
version: 3.16.7
description: Autogenerated by the frugal compiler
environment:
  sdk: '>=2.11.0 <3.0.0'
dependencies:
  collection: ^1.14.12
  excepts:
    path: ../excepts
  frugal:
    hosted:
      name: frugal
      url: https://pub.workiva.org
    version: ^3.16.7
  logging: '>=0.11.2 <2.0.0'
  some_vendored_place:
    hosted:
      name: some_vendored_place
      url: https://pub.workiva.org
    version: any
  thrift:
    hosted:
      name: thrift
      url: https://pub.workiva.org
    version: ^0.0.10
  w_common: ^2.0.0
