name: variety
version: 3.17.0
description: Autogenerated by the frugal compiler
environment:
  sdk: '>=2.12.0 <3.0.0'
dependencies:
  ValidTypes:
    path: ../ValidTypes
  actual_base_dart:
    path: ../actual_base_dart
  collection: ^1.14.12
  frugal:
    hosted:
      name: frugal
      url: https://pub.workiva.org
    version: ^3.17.0
  intermediate_include:
    path: ../intermediate_include
  logging: ^1.0.0
  subdir_include_ns:
    path: ../subdir_include_ns
  thrift:
    hosted:
      name: thrift
      url: https://pub.workiva.org
    version: ^0.0.14
  validStructs:
    path: ../validStructs
  w_common: ^3.0.0
