// Autogenerated by Frugal Compiler (1.0.6)
// DO NOT EDIT UNLESS YOU ARE SURE THAT YOU KNOW WHAT YOU ARE DOING

package valid

import (
	"bytes"
	"fmt"
	"log"
	"sync"
	"time"

	"git.apache.org/thrift.git/lib/go/thrift"
	"github.com/Workiva/frugal/lib/go"
)

// (needed to ensure safety because of naive import list construction.)
var _ = thrift.ZERO
var _ = fmt.Printf
var _ = bytes.Equal

type FBlah interface {
	// Use this to ping the server.
	Ping(ctx *frugal.FContext) (err error)
	// Use this to tell the sever how you feel.
	Bleh(ctx *frugal.FContext, one *Thing, Two *Stuff) (r int64, err error)
}

type FBlahClient struct {
	transport       frugal.FTransport
	protocolFactory *frugal.FProtocolFactory
	oprot           *frugal.FProtocol
	mu              sync.Mutex
}

func NewFBlahClient(t frugal.FTransport, p *frugal.FProtocolFactory) *FBlahClient {
	t.SetRegistry(frugal.NewFClientRegistry())
	return &FBlahClient{
		transport:       t,
		protocolFactory: p,
		oprot:           p.GetProtocol(t),
	}
}

// Use this to ping the server.
func (f *FBlahClient) Ping(ctx *frugal.FContext) (err error) {
	errorC := make(chan error, 1)
	resultC := make(chan struct{}, 1)
	if err = f.transport.Register(ctx, f.recvPingHandler(ctx, resultC, errorC)); err != nil {
		return
	}
	defer f.transport.Unregister(ctx)
	f.mu.Lock()
	if err = f.oprot.WriteRequestHeader(ctx); err != nil {
		f.mu.Unlock()
		return
	}
	if err = f.oprot.WriteMessageBegin("ping", thrift.CALL, 0); err != nil {
		f.mu.Unlock()
		return
	}
	args := BlahPingArgs{}
	if err = args.Write(f.oprot); err != nil {
		f.mu.Unlock()
		return
	}
	if err = f.oprot.WriteMessageEnd(); err != nil {
		f.mu.Unlock()
		return
	}
	if err = f.oprot.Flush(); err != nil {
		f.mu.Unlock()
		return
	}
	f.mu.Unlock()

	select {
	case err = <-errorC:
	case <-resultC:
	case <-time.After(ctx.Timeout()):
		err = frugal.ErrTimeout
	case <-f.transport.Closed():
		err = frugal.ErrTransportClosed
	}
	return
}

func (f *FBlahClient) recvPingHandler(ctx *frugal.FContext, resultC chan<- struct{}, errorC chan<- error) frugal.FAsyncCallback {
	return func(tr thrift.TTransport) error {
		iprot := f.protocolFactory.GetProtocol(tr)
		if err := iprot.ReadResponseHeader(ctx); err != nil {
			errorC <- err
			return err
		}
		method, mTypeId, _, err := iprot.ReadMessageBegin()
		if err != nil {
			errorC <- err
			return err
		}
		if method != "ping" {
			err = thrift.NewTApplicationException(thrift.WRONG_METHOD_NAME, "ping failed: wrong method name")
			errorC <- err
			return err
		}
		if mTypeId == thrift.EXCEPTION {
			error0 := thrift.NewTApplicationException(thrift.UNKNOWN_APPLICATION_EXCEPTION, "Unknown Exception")
			var error1 thrift.TApplicationException
			error1, err = error0.Read(iprot)
			if err != nil {
				errorC <- err
				return err
			}
			if err = iprot.ReadMessageEnd(); err != nil {
				errorC <- err
				return err
			}
			if error1.TypeId() == frugal.RESPONSE_TOO_LARGE {
				err = thrift.NewTTransportException(frugal.RESPONSE_TOO_LARGE, "response too large for transport")
				errorC <- err
				return nil
			}
			err = error1
			errorC <- err
			return err
		}
		if mTypeId != thrift.REPLY {
			err = thrift.NewTApplicationException(thrift.INVALID_MESSAGE_TYPE_EXCEPTION, "ping failed: invalid message type")
			errorC <- err
			return err
		}
		result := BlahPingResult{}
		if err = result.Read(iprot); err != nil {
			errorC <- err
			return err
		}
		if err = iprot.ReadMessageEnd(); err != nil {
			errorC <- err
			return err
		}
		resultC <- struct{}{}
		return nil
	}
}

// Use this to tell the sever how you feel.
func (f *FBlahClient) Bleh(ctx *frugal.FContext, one *Thing, two *Stuff) (r int64, err error) {
	errorC := make(chan error, 1)
	resultC := make(chan int64, 1)
	if err = f.transport.Register(ctx, f.recvBlehHandler(ctx, resultC, errorC)); err != nil {
		return
	}
	defer f.transport.Unregister(ctx)
	f.mu.Lock()
	if err = f.oprot.WriteRequestHeader(ctx); err != nil {
		f.mu.Unlock()
		return
	}
	if err = f.oprot.WriteMessageBegin("bleh", thrift.CALL, 0); err != nil {
		f.mu.Unlock()
		return
	}
	args := BlahBlehArgs{
		One: one,
		Two: two,
	}
	if err = args.Write(f.oprot); err != nil {
		f.mu.Unlock()
		return
	}
	if err = f.oprot.WriteMessageEnd(); err != nil {
		f.mu.Unlock()
		return
	}
	if err = f.oprot.Flush(); err != nil {
		f.mu.Unlock()
		return
	}
	f.mu.Unlock()

	select {
	case err = <-errorC:
	case r = <-resultC:
	case <-time.After(ctx.Timeout()):
		err = frugal.ErrTimeout
	case <-f.transport.Closed():
		err = frugal.ErrTransportClosed
	}
	return
}

func (f *FBlahClient) recvBlehHandler(ctx *frugal.FContext, resultC chan<- int64, errorC chan<- error) frugal.FAsyncCallback {
	return func(tr thrift.TTransport) error {
		iprot := f.protocolFactory.GetProtocol(tr)
		if err := iprot.ReadResponseHeader(ctx); err != nil {
			errorC <- err
			return err
		}
		method, mTypeId, _, err := iprot.ReadMessageBegin()
		if err != nil {
			errorC <- err
			return err
		}
		if method != "bleh" {
			err = thrift.NewTApplicationException(thrift.WRONG_METHOD_NAME, "bleh failed: wrong method name")
			errorC <- err
			return err
		}
		if mTypeId == thrift.EXCEPTION {
			error0 := thrift.NewTApplicationException(thrift.UNKNOWN_APPLICATION_EXCEPTION, "Unknown Exception")
			var error1 thrift.TApplicationException
			error1, err = error0.Read(iprot)
			if err != nil {
				errorC <- err
				return err
			}
			if err = iprot.ReadMessageEnd(); err != nil {
				errorC <- err
				return err
			}
			if error1.TypeId() == frugal.RESPONSE_TOO_LARGE {
				err = thrift.NewTTransportException(frugal.RESPONSE_TOO_LARGE, "response too large for transport")
				errorC <- err
				return nil
			}
			err = error1
			errorC <- err
			return err
		}
		if mTypeId != thrift.REPLY {
			err = thrift.NewTApplicationException(thrift.INVALID_MESSAGE_TYPE_EXCEPTION, "bleh failed: invalid message type")
			errorC <- err
			return err
		}
		result := BlahBlehResult{}
		if err = result.Read(iprot); err != nil {
			errorC <- err
			return err
		}
		if err = iprot.ReadMessageEnd(); err != nil {
			errorC <- err
			return err
		}
		if result.Oops != nil {
			errorC <- result.Oops
			return nil
		}
		resultC <- result.GetSuccess()
		return nil
	}
}

type FBlahProcessor struct {
	processorMap map[string]frugal.FProcessorFunction
	writeMu      *sync.Mutex
	handler      FBlah
}

func NewFBlahProcessor(handler FBlah) *FBlahProcessor {
	writeMu := &sync.Mutex{}
	p := &FBlahProcessor{
		processorMap: make(map[string]frugal.FProcessorFunction),
		writeMu:      writeMu,
		handler:      handler,
	}
	p.AddToProcessorMap("ping", &blahFPing{handler: handler, writeMu: p.GetWriteMutex()})
	p.AddToProcessorMap("bleh", &blahFBleh{handler: handler, writeMu: p.GetWriteMutex()})
	return p
}

func (p *FBlahProcessor) AddToProcessorMap(key string, proc frugal.FProcessorFunction) {
	p.processorMap[key] = proc
}

func (p *FBlahProcessor) GetProcessorFunction(key string) (processor frugal.FProcessorFunction, ok bool) {
	processor, ok = p.processorMap[key]
	return
}

func (p *FBlahProcessor) GetWriteMutex() *sync.Mutex {
	return p.writeMu
}

func (p *FBlahProcessor) Process(iprot, oprot *frugal.FProtocol) error {
	ctx, err := iprot.ReadRequestHeader()
	if err != nil {
		return err
	}
	name, _, _, err := iprot.ReadMessageBegin()
	if err != nil {
		return err
	}
	if processor, ok := p.GetProcessorFunction(name); ok {
		err := processor.Process(ctx, iprot, oprot)
		if err != nil {
			log.Printf("frugal: Error processing request with correlationID %s: %s\n", ctx.CorrelationID(), err.Error())
		}
		return err
	}
	iprot.Skip(thrift.STRUCT)
	iprot.ReadMessageEnd()
	x3 := thrift.NewTApplicationException(thrift.UNKNOWN_METHOD, "Unknown function "+name)
	p.writeMu.Lock()
	oprot.WriteResponseHeader(ctx)
	oprot.WriteMessageBegin(name, thrift.EXCEPTION, 0)
	x3.Write(oprot)
	oprot.WriteMessageEnd()
	oprot.Flush()
	p.writeMu.Unlock()
	return x3
}

type blahFPing struct {
	handler FBlah
	writeMu *sync.Mutex
}

func (p *blahFPing) Process(ctx *frugal.FContext, iprot, oprot *frugal.FProtocol) error {
	args := BlahPingArgs{}
	var err error
	if err = args.Read(iprot); err != nil {
		iprot.ReadMessageEnd()
		p.writeMu.Lock()
		blahWriteApplicationError(ctx, oprot, thrift.PROTOCOL_ERROR, "ping", err.Error())
		p.writeMu.Unlock()
		return err
	}

	iprot.ReadMessageEnd()
	result := BlahPingResult{}
	var err2 error
	if err2 = p.handler.Ping(ctx); err2 != nil {
		p.writeMu.Lock()
		blahWriteApplicationError(ctx, oprot, thrift.INTERNAL_ERROR, "ping", "Internal error processing ping: "+err2.Error())
		p.writeMu.Unlock()
		return err2
	}
	p.writeMu.Lock()
	defer p.writeMu.Unlock()
	if err2 = oprot.WriteResponseHeader(ctx); err2 != nil {
		if err2 == frugal.ErrTooLarge {
			blahWriteApplicationError(ctx, oprot, frugal.RESPONSE_TOO_LARGE, "ping", "response too large: "+err2.Error())
			return nil
		}
		err = err2
	}
	if err2 = oprot.WriteMessageBegin("ping", thrift.REPLY, 0); err2 != nil {
		if err2 == frugal.ErrTooLarge {
			blahWriteApplicationError(ctx, oprot, frugal.RESPONSE_TOO_LARGE, "ping", "response too large: "+err2.Error())
			return nil
		}
		err = err2
	}
	if err2 = result.Write(oprot); err == nil && err2 != nil {
		if err2 == frugal.ErrTooLarge {
			blahWriteApplicationError(ctx, oprot, frugal.RESPONSE_TOO_LARGE, "ping", "response too large: "+err2.Error())
			return nil
		}
		err = err2
	}
	if err2 = oprot.WriteMessageEnd(); err == nil && err2 != nil {
		if err2 == frugal.ErrTooLarge {
			blahWriteApplicationError(ctx, oprot, frugal.RESPONSE_TOO_LARGE, "ping", "response too large: "+err2.Error())
			return nil
		}
		err = err2
	}
	if err2 = oprot.Flush(); err == nil && err2 != nil {
		if err2 == frugal.ErrTooLarge {
			blahWriteApplicationError(ctx, oprot, frugal.RESPONSE_TOO_LARGE, "ping", "response too large: "+err2.Error())
			return nil
		}
		err = err2
	}
	return err
}

type blahFBleh struct {
	handler FBlah
	writeMu *sync.Mutex
}

func (p *blahFBleh) Process(ctx *frugal.FContext, iprot, oprot *frugal.FProtocol) error {
	args := BlahBlehArgs{}
	var err error
	if err = args.Read(iprot); err != nil {
		iprot.ReadMessageEnd()
		p.writeMu.Lock()
		blahWriteApplicationError(ctx, oprot, thrift.PROTOCOL_ERROR, "bleh", err.Error())
		p.writeMu.Unlock()
		return err
	}

	iprot.ReadMessageEnd()
	result := BlahBlehResult{}
	var err2 error
	var retval int64
	if retval, err2 = p.handler.Bleh(ctx, args.One, args.Two); err2 != nil {
		switch v := err2.(type) {
		case *InvalidOperation:
			result.Oops = v
		default:
			p.writeMu.Lock()
			blahWriteApplicationError(ctx, oprot, thrift.INTERNAL_ERROR, "bleh", "Internal error processing bleh: "+err2.Error())
			p.writeMu.Unlock()
			return err2
		}
	} else {
		result.Success = &retval
	}
	p.writeMu.Lock()
	defer p.writeMu.Unlock()
	if err2 = oprot.WriteResponseHeader(ctx); err2 != nil {
		if err2 == frugal.ErrTooLarge {
			blahWriteApplicationError(ctx, oprot, frugal.RESPONSE_TOO_LARGE, "bleh", "response too large: "+err2.Error())
			return nil
		}
		err = err2
	}
	if err2 = oprot.WriteMessageBegin("bleh", thrift.REPLY, 0); err2 != nil {
		if err2 == frugal.ErrTooLarge {
			blahWriteApplicationError(ctx, oprot, frugal.RESPONSE_TOO_LARGE, "bleh", "response too large: "+err2.Error())
			return nil
		}
		err = err2
	}
	if err2 = result.Write(oprot); err == nil && err2 != nil {
		if err2 == frugal.ErrTooLarge {
			blahWriteApplicationError(ctx, oprot, frugal.RESPONSE_TOO_LARGE, "bleh", "response too large: "+err2.Error())
			return nil
		}
		err = err2
	}
	if err2 = oprot.WriteMessageEnd(); err == nil && err2 != nil {
		if err2 == frugal.ErrTooLarge {
			blahWriteApplicationError(ctx, oprot, frugal.RESPONSE_TOO_LARGE, "bleh", "response too large: "+err2.Error())
			return nil
		}
		err = err2
	}
	if err2 = oprot.Flush(); err == nil && err2 != nil {
		if err2 == frugal.ErrTooLarge {
			blahWriteApplicationError(ctx, oprot, frugal.RESPONSE_TOO_LARGE, "bleh", "response too large: "+err2.Error())
			return nil
		}
		err = err2
	}
	return err
}

func blahWriteApplicationError(ctx *frugal.FContext, oprot *frugal.FProtocol, type_ int32, method, message string) {
	x := thrift.NewTApplicationException(type_, message)
	oprot.WriteResponseHeader(ctx)
	oprot.WriteMessageBegin(method, thrift.EXCEPTION, 0)
	x.Write(oprot)
	oprot.WriteMessageEnd()
	oprot.Flush()
}
